// Jest Snapshot v1, https://goo.gl/fbAQLP

exports[`Pruebas en <GifItem> <GifItem> debe matchear con el snapshot 1`] = `
<div>
  <div
    class="gifCard"
  >
    <img
      alt="Messi"
      src="https://fifaworldcup.com/messi.jpg"
    />
    <figcaption>
      Messi
    </figcaption>
  </div>
</div>
`;
